---
http_interactions:
- request:
    method: post
    uri: http://localhost/authentication/login
    body:
      encoding: UTF-8
      string: '{"username":"<USERNAME>","password":"<PASSWORD>"}'
    headers:
      User-Agent:
      - Rentlinx Ruby Client 0.1.0
      Accept:
      - "*/*"
      Date:
      - Thu, 18 Jun 2015 00:03:20 GMT
      Content-Type:
      - application/json
  response:
    status:
      code: 200
      message: OK
    headers:
      Cache-Control:
      - no-cache
      Pragma:
      - no-cache
      Content-Type:
      - application/json; charset=utf-8
      Expires:
      - "-1"
      Server:
      - Microsoft-IIS/8.0
      X-Aspnet-Version:
      - 4.0.30319
      X-Powered-By:
      - ASP.NET
      Date:
      - Wed, 17 Jun 2015 23:59:37 GMT
      Content-Length:
      - '54'
    body:
      encoding: UTF-8
      string: '{"AccessToken":"<AUTH-TOKEN>"}'
    http_version:
  recorded_at: Thu, 18 Jun 2015 00:03:20 GMT
- request:
    method: put
    uri: http://localhost/properties/test_property_post_method_posts_and_updates
    body:
      encoding: UTF-8
      string: '{"companyID":"test-id","propertyID":"test_property_post_method_posts_and_updates","description":"This
        is a test property.","address":"55 Castilian","city":"Santa Barbara","state":"CA","zip":"93117","marketingName":"Hello
        this is dog","hideAddress":"","latitude":"","longitude":"","website":"","yearBuilt":"","numUnits":"","phoneNumber":"(805)
        555-5554","extension":"","faxNumber":"","emailAddress":"support@<USERNAME>.com","acceptsHcv":"","propertyType":"","activeURL":"","companyName":"test
        company"}'
    headers:
      User-Agent:
      - Rentlinx Ruby Client 0.1.0
      Accept:
      - "*/*"
      Date:
      - Thu, 18 Jun 2015 00:03:20 GMT
      Content-Type:
      - application/json
      Authentication-Token:
      - <AUTH-TOKEN>
  response:
    status:
      code: 200
      message: OK
    headers:
      Cache-Control:
      - no-cache
      Pragma:
      - no-cache
      Content-Type:
      - application/json; charset=utf-8
      Expires:
      - "-1"
      Server:
      - Microsoft-IIS/8.0
      X-Aspnet-Version:
      - 4.0.30319
      X-Powered-By:
      - ASP.NET
      Date:
      - Wed, 17 Jun 2015 23:59:37 GMT
      Content-Length:
      - '575'
    body:
      encoding: UTF-8
      string: '{"data":{"type":"property","propertyID":"test_property_post_method_posts_and_updates","description":"This
        is a test property.","address":"55 Castilian","city":"Santa Barbara","state":"CA","zip":"93117","marketingName":"Hello
        this is dog","hideAddress":null,"latitude":42.2924940,"longitude":42.2924940,"website":"","yearBuilt":null,"numUnits":null,"phoneNumber":"(805)
        555-5554","extension":null,"faxNumber":"","emailAddress":"support@<USERNAME>.com","acceptsHcv":null,"propertyType":"","activeURL":"http://showmetherent.rentlinxdev.com/55-Castilian-Santa-Barbara-CA-93117-4"}}'
    http_version:
  recorded_at: Thu, 18 Jun 2015 00:03:21 GMT
- request:
    method: get
    uri: http://localhost/properties/test_property_post_method_posts_and_updates
    body:
      encoding: UTF-8
      string: 'null'
    headers:
      User-Agent:
      - Rentlinx Ruby Client 0.1.0
      Accept:
      - "*/*"
      Date:
      - Thu, 18 Jun 2015 00:03:21 GMT
      Content-Type:
      - application/json
      Authentication-Token:
      - <AUTH-TOKEN>
  response:
    status:
      code: 200
      message: OK
    headers:
      Cache-Control:
      - no-cache
      Pragma:
      - no-cache
      Content-Type:
      - application/json; charset=utf-8
      Expires:
      - "-1"
      Server:
      - Microsoft-IIS/8.0
      X-Aspnet-Version:
      - 4.0.30319
      X-Powered-By:
      - ASP.NET
      Date:
      - Wed, 17 Jun 2015 23:59:38 GMT
      Content-Length:
      - '575'
    body:
      encoding: UTF-8
      string: '{"data":{"type":"property","propertyID":"test_property_post_method_posts_and_updates","description":"This
        is a test property.","address":"55 Castilian","city":"Santa Barbara","state":"CA","zip":"93117","marketingName":"Hello
        this is dog","hideAddress":null,"latitude":42.2924940,"longitude":42.2924940,"website":"","yearBuilt":null,"numUnits":null,"phoneNumber":"(805)
        555-5554","extension":null,"faxNumber":"","emailAddress":"support@<USERNAME>.com","acceptsHcv":null,"propertyType":"","activeURL":"http://showmetherent.rentlinxdev.com/55-Castilian-Santa-Barbara-CA-93117-4"}}'
    http_version:
  recorded_at: Thu, 18 Jun 2015 00:03:22 GMT
- request:
    method: put
    uri: http://localhost/properties/test_property_post_method_posts_and_updates
    body:
      encoding: UTF-8
      string: '{"companyID":null,"propertyID":"test_property_post_method_posts_and_updates","description":"This
        is the new description","address":"55 Castilian","city":"Santa Barbara","state":"CA","zip":"93117","marketingName":"Hello
        this is dog","hideAddress":null,"latitude":42.292494,"longitude":42.292494,"website":"","yearBuilt":null,"numUnits":null,"phoneNumber":"(805)
        555-5554","extension":null,"faxNumber":"","emailAddress":"support@<USERNAME>.com","acceptsHcv":null,"propertyType":"","activeURL":"http://showmetherent.rentlinxdev.com/55-Castilian-Santa-Barbara-CA-93117-4","companyName":null}'
    headers:
      User-Agent:
      - Rentlinx Ruby Client 0.1.0
      Accept:
      - "*/*"
      Date:
      - Thu, 18 Jun 2015 00:03:22 GMT
      Content-Type:
      - application/json
      Authentication-Token:
      - <AUTH-TOKEN>
  response:
    status:
      code: 200
      message: OK
    headers:
      Cache-Control:
      - no-cache
      Pragma:
      - no-cache
      Content-Type:
      - application/json; charset=utf-8
      Expires:
      - "-1"
      Server:
      - Microsoft-IIS/8.0
      X-Aspnet-Version:
      - 4.0.30319
      X-Powered-By:
      - ASP.NET
      Date:
      - Wed, 17 Jun 2015 23:59:38 GMT
      Content-Length:
      - '576'
    body:
      encoding: UTF-8
      string: '{"data":{"type":"property","propertyID":"test_property_post_method_posts_and_updates","description":"This
        is the new description","address":"55 Castilian","city":"Santa Barbara","state":"CA","zip":"93117","marketingName":"Hello
        this is dog","hideAddress":null,"latitude":42.292494,"longitude":42.292494,"website":"","yearBuilt":null,"numUnits":null,"phoneNumber":"(805)
        555-5554","extension":null,"faxNumber":"","emailAddress":"support@<USERNAME>.com","acceptsHcv":null,"propertyType":"","activeURL":"http://showmetherent.rentlinxdev.com/55-Castilian-Santa-Barbara-CA-93117-5"}}'
    http_version:
  recorded_at: Thu, 18 Jun 2015 00:03:22 GMT
- request:
    method: get
    uri: http://localhost/properties/test_property_post_method_posts_and_updates
    body:
      encoding: UTF-8
      string: 'null'
    headers:
      User-Agent:
      - Rentlinx Ruby Client 0.1.0
      Accept:
      - "*/*"
      Date:
      - Thu, 18 Jun 2015 00:03:22 GMT
      Content-Type:
      - application/json
      Authentication-Token:
      - <AUTH-TOKEN>
  response:
    status:
      code: 200
      message: OK
    headers:
      Cache-Control:
      - no-cache
      Pragma:
      - no-cache
      Content-Type:
      - application/json; charset=utf-8
      Expires:
      - "-1"
      Server:
      - Microsoft-IIS/8.0
      X-Aspnet-Version:
      - 4.0.30319
      X-Powered-By:
      - ASP.NET
      Date:
      - Wed, 17 Jun 2015 23:59:38 GMT
      Content-Length:
      - '578'
    body:
      encoding: UTF-8
      string: '{"data":{"type":"property","propertyID":"test_property_post_method_posts_and_updates","description":"This
        is the new description","address":"55 Castilian","city":"Santa Barbara","state":"CA","zip":"93117","marketingName":"Hello
        this is dog","hideAddress":null,"latitude":42.2924940,"longitude":42.2924940,"website":"","yearBuilt":null,"numUnits":null,"phoneNumber":"(805)
        555-5554","extension":null,"faxNumber":"","emailAddress":"support@<USERNAME>.com","acceptsHcv":null,"propertyType":"","activeURL":"http://showmetherent.rentlinxdev.com/55-Castilian-Santa-Barbara-CA-93117-5"}}'
    http_version:
  recorded_at: Thu, 18 Jun 2015 00:03:22 GMT
recorded_with: VCR 2.9.3
